/Users/scotthamilton/Projects/export_ruby/_build/dev/lib/export_ruby/priv/ruby
/Users/scotthamilton/Projects/export_ruby/_build/dev/lib/export_ruby/priv/ruby
/Users/scotthamilton/Projects/export_ruby/_build/dev/lib/export_ruby/priv/ruby
/Users/scotthamilton/Projects/export_ruby/_build/dev/lib/export_ruby/priv/ruby
/Users/scotthamilton/Projects/export_ruby/_build/dev/lib/export_ruby/priv/ruby
/Users/scotthamilton/Projects/export_ruby/_build/dev/lib/export_ruby/priv/ruby
/Users/scotthamilton/Projects/export_ruby/_build/dev/lib/export_ruby/priv/ruby
/Users/scotthamilton/Projects/export_ruby/_build/dev/lib/export_ruby/priv/ruby
/Users/scotthamilton/Projects/export_ruby/_build/dev/lib/export_ruby/priv/ruby
/Users/scotthamilton/Projects/export_ruby/_build/dev/lib/export_ruby/priv/ruby
/Users/scotthamilton/Projects/export_ruby/_build/dev/lib/export_ruby/priv/ruby
/Users/scotthamilton/Projects/export_ruby/_build/dev/lib/export_ruby/priv/ruby
/Users/scotthamilton/Projects/export_ruby/_build/dev/lib/export_ruby/priv/ruby
